Nothing to build in platform 'platform'

16:39:56 **** Incremental Build of configuration Debug for project camera ****
make all 
C:/Xilinx/Vitis/2020.2/gnuwin/bin/make --no-print-directory pre-build
a9-linaro-pre-build-step
' '
C:/Xilinx/Vitis/2020.2/gnuwin/bin/make --no-print-directory main-build
'Building file: ../src/hw_int.c'
'Invoking: ARM v7 gcc compiler'
arm-none-eabi-gcc -Wall -O0 -g3 -I"C:\Users\georgewaller\Desktop\CameraProcessor\camera\inc" -c -fmessage-length=0 -MT"src/hw_int.o" -mcpu=cortex-a9 -mfpu=vfpv3 -mfloat-abi=hard -IC:/Users/georgewaller/Desktop/CameraProcessor/platform/export/platform/sw/platform/freertos10_xilinx_domain/bspinclude/include -MMD -MP -MF"src/hw_int.d" -MT"src/hw_int.o" -o "src/hw_int.o" "../src/hw_int.c"
In file included from C:\Users\georgewaller\Desktop\CameraProcessor\camera\inc/hw_int.h:7,
                 from ../src/hw_int.c:1:
C:\Users\georgewaller\Desktop\CameraProcessor\camera\inc/ecx.h:23:13: warning: 'ecx_exit_ps0' declared 'static' but never defined [-Wunused-function]
   23 | static void ecx_exit_ps0();
      |             ^~~~~~~~~~~~
C:\Users\georgewaller\Desktop\CameraProcessor\camera\inc/ecx.h:24:13: warning: 'ecx_exit_ps1' declared 'static' but never defined [-Wunused-function]
   24 | static void ecx_exit_ps1();
      |             ^~~~~~~~~~~~
C:\Users\georgewaller\Desktop\CameraProcessor\camera\inc/ecx.h:25:13: warning: 'ecx_write_reg' declared 'static' but never defined [-Wunused-function]
   25 | static void ecx_write_reg(uint8_t reg, uint8_t * data, uint32_t len);
      |             ^~~~~~~~~~~~~
C:\Users\georgewaller\Desktop\CameraProcessor\camera\inc/ecx.h:26:13: warning: 'ecx_read_reg' declared 'static' but never defined [-Wunused-function]
   26 | static void ecx_read_reg(uint8_t reg, uint8_t * data, uint32_t len);
      |             ^~~~~~~~~~~~
'Finished building: ../src/hw_int.c'
' '
'Building target: camera.elf'
'Invoking: ARM v7 gcc linker'
arm-none-eabi-gcc -mcpu=cortex-a9 -mfpu=vfpv3 -mfloat-abi=hard -Wl,-build-id=none -specs=Xilinx.spec -Wl,-T -Wl,../src/lscript.ld -LC:/Users/georgewaller/Desktop/CameraProcessor/platform/export/platform/sw/platform/freertos10_xilinx_domain/bsplib/lib -o "camera.elf"  ./src/ecx.o ./src/ecx_conf.o ./src/hw_int.o ./src/main.o   -Wl,--start-group,-lxil,-lfreertos,-lgcc,-lc,--end-group -Wl,--start-group,-lxilffs,-lxil,-lgcc,-lc,--end-group -Wl,--start-group,-lxil,-llwip4,-lgcc,-lc,--end-group
'Finished building target: camera.elf'
' '
'Invoking: ARM v7 Print Size'
arm-none-eabi-size camera.elf  |tee "camera.elf.size"
   text	   data	    bss	    dec	    hex	filename
  77104	   3392	  88832	 169328	  29570	camera.elf
'Finished building: camera.elf.size'
' '
16:39:59 **** Incremental Build of configuration Debug for project camera_system ****
make all 
Generating bif file for the system project
generate_system_bif.bat 62007 C:/Users/georgewaller/Desktop/CameraProcessor/platform/export/platform/platform.xpfm freertos10_xilinx_domain C:/Users/georgewaller/Desktop/CameraProcessor/camera_system/Debug/system.bif
sdcard_gen --xpfm C:/Users/georgewaller/Desktop/CameraProcessor/platform/export/platform/platform.xpfm --sys_config platform --bif C:/Users/georgewaller/Desktop/CameraProcessor/camera_system/Debug/system.bif --bitstream C:/Users/georgewaller/Desktop/CameraProcessor/camera/_ide/bitstream/microzed_base_wrapper.bit --elf C:/Users/georgewaller/Desktop/CameraProcessor/camera/Debug/camera.elf,ps7_cortexa9_0
creating BOOT.BIN using C:/Users/georgewaller/Desktop/CameraProcessor/camera/_ide/bitstream/microzed_base_wrapper.bit
Running C:/Xilinx/Vitis/2020.2/bin/bootgen  -image C:/Users/georgewaller/Desktop/CameraProcessor/camera_system/Debug/sd_card_temp/boot.bif -w -o i BOOT.BIN
