16:57:53 **** Incremental Build of configuration Debug for project program ****
make all 
C:/Xilinx/Vitis/2020.2/gnuwin/bin/make --no-print-directory pre-build
a9-linaro-pre-build-step
' '
C:/Xilinx/Vitis/2020.2/gnuwin/bin/make --no-print-directory main-build
'Building file: ../src/freertos_hello_world.c'
'Invoking: ARM v7 gcc compiler'
arm-none-eabi-gcc -Wall -O0 -g3 -c -fmessage-length=0 -MT"src/freertos_hello_world.o" -mcpu=cortex-a9 -mfpu=vfpv3 -mfloat-abi=hard -IC:/Users/georgewaller/Desktop/CameraProcessor/camera_platform/export/camera_platform/sw/camera_platform/freertos10_xilinx_domain/bspinclude/include -MMD -MP -MF"src/freertos_hello_world.d" -MT"src/freertos_hello_world.o" -o "src/freertos_hello_world.o" "../src/freertos_hello_world.c"
../src/freertos_hello_world.c: In function 'main':
../src/freertos_hello_world.c:49:19: warning: unused variable 'ConfigPtr' [-Wunused-variable]
   49 |  XGpioPs_Config * ConfigPtr = XGpioPs_LookupConfig(XPAR_XGPIOPS_0_DEVICE_ID);
      |                   ^~~~~~~~~
'Finished building: ../src/freertos_hello_world.c'
' '
'Building target: program.elf'
'Invoking: ARM v7 gcc linker'
arm-none-eabi-gcc -mcpu=cortex-a9 -mfpu=vfpv3 -mfloat-abi=hard -Wl,-build-id=none -specs=Xilinx.spec -Wl,-T -Wl,../src/lscript.ld -LC:/Users/georgewaller/Desktop/CameraProcessor/camera_platform/export/camera_platform/sw/camera_platform/freertos10_xilinx_domain/bsplib/lib -o "program.elf"  ./src/freertos_hello_world.o   -Wl,--start-group,-lxil,-lfreertos,-lgcc,-lc,--end-group -Wl,--start-group,-lxilffs,-lxil,-lgcc,-lc,--end-group
'Finished building target: program.elf'
' '
'Invoking: ARM v7 Print Size'
arm-none-eabi-size program.elf  |tee "program.elf.size"
   text	   data	    bss	    dec	    hex	filename
  70136	   3356	  88736	 162228	  279b4	program.elf
'Finished building: program.elf.size'
' '

16:57:54 Build Finished (took 924ms)

