13:53:42 **** Incremental Build of configuration Debug for project pss ****
make all 
C:/Xilinx/Vitis/2020.2/gnuwin/bin/make --no-print-directory pre-build
a9-linaro-pre-build-step
' '
C:/Xilinx/Vitis/2020.2/gnuwin/bin/make --no-print-directory main-build
'Building file: ../src/gpio.c'
'Invoking: ARM v7 gcc compiler'
arm-none-eabi-gcc -Wall -O0 -g3 -I"C:\Users\georgewaller\Desktop\CameraProcessor\pss\src" -IC:/Users/georgewaller/Desktop/CameraProcessor/camera/export/camera/sw/camera/freertos10_xilinx_ps7_cortexa9_0/bspinclude/include -I"C:\Users\georgewaller\Desktop\CameraProcessor\pss\gsembedlib\ssd1309z" -I"C:\Users\georgewaller\Desktop\CameraProcessor\pss\gsembedlib\log" -c -fmessage-length=0 -MT"src/gpio.o" -mcpu=cortex-a9 -mfpu=vfpv3 -mfloat-abi=hard -IC:/Users/georgewaller/Desktop/CameraProcessor/camera/export/camera/sw/camera/freertos10_xilinx_ps7_cortexa9_0/bspinclude/include -MMD -MP -MF"src/gpio.d" -MT"src/gpio.o" -o "src/gpio.o" "../src/gpio.c"
'Finished building: ../src/gpio.c'
' '
'Building file: ../src/gui.c'
'Invoking: ARM v7 gcc compiler'
arm-none-eabi-gcc -Wall -O0 -g3 -I"C:\Users\georgewaller\Desktop\CameraProcessor\pss\src" -IC:/Users/georgewaller/Desktop/CameraProcessor/camera/export/camera/sw/camera/freertos10_xilinx_ps7_cortexa9_0/bspinclude/include -I"C:\Users\georgewaller\Desktop\CameraProcessor\pss\gsembedlib\ssd1309z" -I"C:\Users\georgewaller\Desktop\CameraProcessor\pss\gsembedlib\log" -c -fmessage-length=0 -MT"src/gui.o" -mcpu=cortex-a9 -mfpu=vfpv3 -mfloat-abi=hard -IC:/Users/georgewaller/Desktop/CameraProcessor/camera/export/camera/sw/camera/freertos10_xilinx_ps7_cortexa9_0/bspinclude/include -MMD -MP -MF"src/gui.d" -MT"src/gui.o" -o "src/gui.o" "../src/gui.c"
'Finished building: ../src/gui.c'
' '
'Building file: ../src/main.c'
'Invoking: ARM v7 gcc compiler'
arm-none-eabi-gcc -Wall -O0 -g3 -I"C:\Users\georgewaller\Desktop\CameraProcessor\pss\src" -IC:/Users/georgewaller/Desktop/CameraProcessor/camera/export/camera/sw/camera/freertos10_xilinx_ps7_cortexa9_0/bspinclude/include -I"C:\Users\georgewaller\Desktop\CameraProcessor\pss\gsembedlib\ssd1309z" -I"C:\Users\georgewaller\Desktop\CameraProcessor\pss\gsembedlib\log" -c -fmessage-length=0 -MT"src/main.o" -mcpu=cortex-a9 -mfpu=vfpv3 -mfloat-abi=hard -IC:/Users/georgewaller/Desktop/CameraProcessor/camera/export/camera/sw/camera/freertos10_xilinx_ps7_cortexa9_0/bspinclude/include -MMD -MP -MF"src/main.d" -MT"src/main.o" -o "src/main.o" "../src/main.c"
'Finished building: ../src/main.c'
' '
'Building target: pss.elf'
'Invoking: ARM v7 gcc linker'
arm-none-eabi-gcc -mcpu=cortex-a9 -mfpu=vfpv3 -mfloat-abi=hard -Wl,-build-id=none -specs=Xilinx.spec -Wl,-T -Wl,../src/lscript.ld -LC:/Users/georgewaller/Desktop/CameraProcessor/camera/export/camera/sw/camera/freertos10_xilinx_ps7_cortexa9_0/bsplib/lib -o "pss.elf"  ./src/gpio.o ./src/gui.o ./src/logging.o ./src/main.o ./src/spi.o ./src/sys.o  ./gsembedlib/ssd1309z/ssd1309z.o  ./gsembedlib/log/log.o   -Wl,--start-group,-lxil,-lfreertos,-lgcc,-lc,--end-group
'Finished building target: pss.elf'
' '
'Invoking: ARM v7 Print Size'
arm-none-eabi-size pss.elf  |tee "pss.elf.size"
   text	   data	    bss	    dec	    hex	filename
  85808	   3424	  89856	 179088	  2bb90	pss.elf
'Finished building: pss.elf.size'
' '

13:53:44 Build Finished (took 1s.466ms)

