21:16:00 **** Build of configuration Debug for project pss_ddr_test ****
make all 
C:/Xilinx/Vitis/2020.2/gnuwin/bin/make --no-print-directory pre-build
a9-linaro-pre-build-step
' '
C:/Xilinx/Vitis/2020.2/gnuwin/bin/make --no-print-directory main-build
'Building file: ../src/test01.c'
'Invoking: ARM v7 gcc compiler'
arm-none-eabi-gcc -Wall -O0 -g3 -c -fmessage-length=0 -MT"src/test01.o" -mcpu=cortex-a9 -mfpu=vfpv3 -mfloat-abi=hard -IC:/Users/georgewaller/Desktop/CameraProcessor/camera/export/camera/sw/camera/standalone_ps7_cortexa9_0/bspinclude/include -MMD -MP -MF"src/test01.d" -MT"src/test01.o" -o "src/test01.o" "../src/test01.c"
'Finished building: ../src/test01.c'
' '
'Building file: ../src/translation_table.s'
'Invoking: ARM v7 gcc assembler'
arm-none-eabi-gcc -c  -o"src/translation_table.o" "../src/translation_table.s"
'Finished building: ../src/translation_table.s'
' '
'Building target: pss_ddr_test.elf'
'Invoking: ARM v7 gcc linker'
arm-none-eabi-gcc -mcpu=cortex-a9 -mfpu=vfpv3 -mfloat-abi=hard -Wl,-build-id=none -specs=Xilinx.spec -Wl,-T -Wl,../src/lscript.ld -LC:/Users/georgewaller/Desktop/CameraProcessor/camera/export/camera/sw/camera/standalone_ps7_cortexa9_0/bsplib/lib -o "pss_ddr_test.elf"  ./src/test01.o ./src/translation_table.o   -Wl,--start-group,-lxil,-lgcc,-lc,--end-group
'Finished building target: pss_ddr_test.elf'
' '
'Invoking: ARM v7 Print Size'
arm-none-eabi-size pss_ddr_test.elf  |tee "pss_ddr_test.elf.size"
   text	   data	    bss	    dec	    hex	filename
  87136	   4788	  66528	 158452	  26af4	pss_ddr_test.elf
'Finished building: pss_ddr_test.elf.size'
' '

21:16:02 Build Finished (took 1s.353ms)

