18:16:22 **** Build of configuration Debug for project system ****
make all 
C:/Xilinx/Vitis/2020.2/gnuwin/bin/make --no-print-directory pre-build
a9-linaro-pre-build-step
' '
C:/Xilinx/Vitis/2020.2/gnuwin/bin/make --no-print-directory main-build
'Building file: ../src/freertos_hello_world.c'
'Invoking: ARM v7 gcc compiler'
arm-none-eabi-gcc -Wall -O0 -g3 -c -fmessage-length=0 -MT"src/freertos_hello_world.o" -mcpu=cortex-a9 -mfpu=vfpv3 -mfloat-abi=hard -IC:/Users/georgewaller/Desktop/CameraProcessor/platform/export/platform/sw/platform/freertos10_xilinx_domain/bspinclude/include -MMD -MP -MF"src/freertos_hello_world.d" -MT"src/freertos_hello_world.o" -o "src/freertos_hello_world.o" "../src/freertos_hello_world.c"
'Finished building: ../src/freertos_hello_world.c'
' '
'Building target: system.elf'
'Invoking: ARM v7 gcc linker'
arm-none-eabi-gcc -mcpu=cortex-a9 -mfpu=vfpv3 -mfloat-abi=hard -Wl,-build-id=none -specs=Xilinx.spec -Wl,-T -Wl,../src/lscript.ld -LC:/Users/georgewaller/Desktop/CameraProcessor/platform/export/platform/sw/platform/freertos10_xilinx_domain/bsplib/lib -o "system.elf"  ./src/freertos_hello_world.o   -Wl,--start-group,-lxil,-lfreertos,-lgcc,-lc,--end-group -Wl,--start-group,-lxilffs,-lxil,-lgcc,-lc,--end-group -Wl,--start-group,-lxil,-llwip4,-lgcc,-lc,--end-group
'Finished building target: system.elf'
' '
'Invoking: ARM v7 Print Size'
arm-none-eabi-size system.elf  |tee "system.elf.size"
   text	   data	    bss	    dec	    hex	filename
  70136	   3348	  88736	 162220	  279ac	system.elf
'Finished building: system.elf.size'
' '

18:16:23 Build Finished (took 888ms)

