20:18:49 **** Build of configuration Debug for project xaxidma_example_simple_intr_1 ****
make all 
C:/Vitis/Vitis/2023.1/gnuwin/bin/make --no-print-directory pre-build
a9-linaro-pre-build-step
' '
C:/Vitis/Vitis/2023.1/gnuwin/bin/make --no-print-directory main-build
'Building file: ../src/xaxidma_example_simple_intr.c'
'Invoking: ARM v7 gcc compiler'
arm-none-eabi-gcc -Wall -O0 -g3 -c -fmessage-length=0 -MT"src/xaxidma_example_simple_intr.o" -mcpu=cortex-a9 -mfpu=vfpv3 -mfloat-abi=hard -IC:/Users/georgewaller/Desktop/CameraProcessor/camera/export/camera/sw/camera/freertos10_xilinx_domain/bspinclude/include -MMD -MP -MF"src/xaxidma_example_simple_intr.d" -MT"src/xaxidma_example_simple_intr.o" -o "src/xaxidma_example_simple_intr.o" "../src/xaxidma_example_simple_intr.c"
../src/xaxidma_example_simple_intr.c:99:2: warning: #warning CHECK FOR THE VALID DDR ADDRESS IN XPARAMETERS.H, DEFAULT SET TO 0x01000000 [-Wcpp]
   99 | #warning CHECK FOR THE VALID DDR ADDRESS IN XPARAMETERS.H, \
      |  ^~~~~~~
'Finished building: ../src/xaxidma_example_simple_intr.c'
' '
'Building target: xaxidma_example_simple_intr_1.elf'
'Invoking: ARM v7 gcc linker'
arm-none-eabi-gcc -mcpu=cortex-a9 -mfpu=vfpv3 -mfloat-abi=hard -Wl,-build-id=none -specs=Xilinx.spec -Wl,-T -Wl,../src/lscript.ld -LC:/Users/georgewaller/Desktop/CameraProcessor/camera/export/camera/sw/camera/freertos10_xilinx_domain/bsplib/lib -o "xaxidma_example_simple_intr_1.elf"  ./src/xaxidma_example_simple_intr.o   -Wl,--start-group,-lxil,-lfreertos,-lgcc,-lc,--end-group
'Finished building target: xaxidma_example_simple_intr_1.elf'
' '
'Invoking: ARM v7 Print Size'
arm-none-eabi-size xaxidma_example_simple_intr_1.elf  |tee "xaxidma_example_simple_intr_1.elf.size"
   text	   data	    bss	    dec	    hex	filename
  97772	   3404	  90632	 191808	  2ed40	xaxidma_example_simple_intr_1.elf
'Finished building: xaxidma_example_simple_intr_1.elf.size'
' '

20:18:53 Build Finished (took 3s.524ms)

